// Jest Snapshot v1, https://goo.gl/fbAQLP

exports[`checks if Button component renders correctly should render Button correctly 1`] = `
<button
  className="btn"
  onClick={[Function]}
  style={
    Object {
      "backgroundColor": "",
    }
  }
  type="button"
>
  
</button>
`;
