// Jest Snapshot v1, https://goo.gl/fbAQLP

exports[`checks if Error component renders correctly should render correctly 1`] = `
<h4>
  Error! Page not found.
</h4>
`;
