// Jest Snapshot v1, https://goo.gl/fbAQLP

exports[`checks if Navbar component renders correctly should render correctly 1`] = `
<nav>
  <div>
    <div
      className="title"
    >
       Math Magicians 
    </div>
  </div>
  <div
    className="navbar"
  >
    <a
      href="/"
      onClick={[Function]}
    >
      Home 
    </a>
    <a
      href="/calculator"
      onClick={[Function]}
    >
      Calculator
    </a>
    <a
      href="/quote"
      onClick={[Function]}
    >
      Quote
    </a>
  </div>
</nav>
`;
